// Jest Snapshot v1, https://goo.gl/fbAQLP

exports[`<Menu /> should render properly 1`] = `
<div
  className="menu "
>
  <Header />
  <ul
    className="menu-actions"
  >
    <MenuItem
      func={[Function]}
      key="feed"
      name="feed"
    />
    <MenuItem
      func={[Function]}
      key="menu"
      name="menu"
    />
    <MenuItem
      func={[Function]}
      key="projects"
      name="projects"
    />
    <MenuItem
      func={[Function]}
      key="contact"
      name="contact"
    />
  </ul>
</div>
`;
